ARM Linker, 5.03 [Build 76] [MDK-ARM Lite]

==============================================================================

Section Cross References

    startup.o(STACK) refers (Special) to heapauxi.o(.text) for __use_two_region_memory
    startup.o(HEAP) refers (Special) to heapauxi.o(.text) for __use_two_region_memory
    startup.o(RESET) refers (Special) to heapauxi.o(.text) for __use_two_region_memory
    startup.o(RESET) refers to startup.o(STACK) for StackMem
    startup.o(RESET) refers to lab9.o(i.SysTick_Handler) for SysTick_Handler
    startup.o(RESET) refers to lab9.o(i.UART1_Handler) for UART1_Handler
    startup.o(RESET) refers to texas.o(.text) for Timer4A_Handler
    startup.o(RESET) refers to __main.o(!!!main) for __main
    startup.o(.text) refers (Special) to heapauxi.o(.text) for __use_two_region_memory
    startup.o(.text) refers to startup.o(HEAP) for HeapMem
    startup.o(.text) refers to startup.o(STACK) for StackMem
    print.o(.text) refers to st7735.o(i.ST7735_OutChar) for ST7735_OutChar
    print.o(.text) refers to st7735.o(i.ST7735_OutString) for ST7735_OutString
    st7735.o(i.MoveToRAM) refers to st7735.o(.constdata) for fun
    st7735.o(i.MoveToRAM) refers to st7735.o(.bss) for RestYellow
    st7735.o(i.Output_Clear) refers to st7735.o(i.ST7735_FillScreen) for ST7735_FillScreen
    st7735.o(i.Output_Color) refers to st7735.o(i.ST7735_SetTextColor) for ST7735_SetTextColor
    st7735.o(i.Output_Init) refers to st7735.o(i.ST7735_InitR) for ST7735_InitR
    st7735.o(i.Output_Init) refers to st7735.o(i.ST7735_FillScreen) for ST7735_FillScreen
    st7735.o(i.Output_Off) refers to st7735.o(i.Output_Clear) for Output_Clear
    st7735.o(i.Output_On) refers to st7735.o(i.Output_Init) for Output_Init
    st7735.o(i.ST7735_DrawBitmap) refers to st7735.o(i.setAddrWindow) for setAddrWindow
    st7735.o(i.ST7735_DrawBitmap) refers to lcd.o(.text) for writedata
    st7735.o(i.ST7735_DrawBitmap) refers to st7735.o(.data) for _width
    st7735.o(i.ST7735_DrawChar) refers to st7735.o(i.setAddrWindow) for setAddrWindow
    st7735.o(i.ST7735_DrawChar) refers to st7735.o(i.pushColor) for pushColor
    st7735.o(i.ST7735_DrawChar) refers to st7735.o(.data) for _width
    st7735.o(i.ST7735_DrawChar) refers to st7735.o(.constdata) for Font
    st7735.o(i.ST7735_DrawCharS) refers to st7735.o(i.ST7735_DrawPixel) for ST7735_DrawPixel
    st7735.o(i.ST7735_DrawCharS) refers to st7735.o(i.ST7735_FillRect) for ST7735_FillRect
    st7735.o(i.ST7735_DrawCharS) refers to st7735.o(.data) for _width
    st7735.o(i.ST7735_DrawCharS) refers to st7735.o(.constdata) for Font
    st7735.o(i.ST7735_DrawFastHLine) refers to st7735.o(i.setAddrWindow) for setAddrWindow
    st7735.o(i.ST7735_DrawFastHLine) refers to lcd.o(.text) for writedata
    st7735.o(i.ST7735_DrawFastHLine) refers to st7735.o(.data) for _width
    st7735.o(i.ST7735_DrawFastVLine) refers to st7735.o(i.setAddrWindow) for setAddrWindow
    st7735.o(i.ST7735_DrawFastVLine) refers to lcd.o(.text) for writedata
    st7735.o(i.ST7735_DrawFastVLine) refers to st7735.o(.data) for _width
    st7735.o(i.ST7735_DrawPixel) refers to st7735.o(i.setAddrWindow) for setAddrWindow
    st7735.o(i.ST7735_DrawPixel) refers to st7735.o(i.pushColor) for pushColor
    st7735.o(i.ST7735_DrawPixel) refers to st7735.o(.data) for _width
    st7735.o(i.ST7735_DrawString) refers to st7735.o(i.ST7735_DrawCharS) for ST7735_DrawCharS
    st7735.o(i.ST7735_FillRect) refers to st7735.o(i.setAddrWindow) for setAddrWindow
    st7735.o(i.ST7735_FillRect) refers to lcd.o(.text) for writedata
    st7735.o(i.ST7735_FillRect) refers to st7735.o(.data) for _width
    st7735.o(i.ST7735_FillScreen) refers to st7735.o(i.ST7735_FillRect) for ST7735_FillRect
    st7735.o(i.ST7735_FillScreen) refers to st7735.o(.data) for _height
    st7735.o(i.ST7735_InitB) refers to st7735.o(i.commonInit) for commonInit
    st7735.o(i.ST7735_InitB) refers to st7735.o(i.ST7735_SetCursor) for ST7735_SetCursor
    st7735.o(i.ST7735_InitB) refers to st7735.o(i.ST7735_FillScreen) for ST7735_FillScreen
    st7735.o(i.ST7735_InitB) refers to st7735.o(.constdata) for Bcmd
    st7735.o(i.ST7735_InitB) refers to st7735.o(.data) for StTextColor
    st7735.o(i.ST7735_InitR) refers to st7735.o(i.commonInit) for commonInit
    st7735.o(i.ST7735_InitR) refers to st7735.o(i.commandList) for commandList
    st7735.o(i.ST7735_InitR) refers to lcd.o(.text) for writecommand
    st7735.o(i.ST7735_InitR) refers to st7735.o(i.ST7735_SetCursor) for ST7735_SetCursor
    st7735.o(i.ST7735_InitR) refers to st7735.o(i.ST7735_FillScreen) for ST7735_FillScreen
    st7735.o(i.ST7735_InitR) refers to st7735.o(.constdata) for Rcmd1
    st7735.o(i.ST7735_InitR) refers to st7735.o(.data) for ColStart
    st7735.o(i.ST7735_InvertDisplay) refers to lcd.o(.text) for writecommand
    st7735.o(i.ST7735_OutChar) refers to st7735.o(i.ST7735_DrawString) for ST7735_DrawString
    st7735.o(i.ST7735_OutChar) refers to st7735.o(i.ST7735_DrawCharS) for ST7735_DrawCharS
    st7735.o(i.ST7735_OutChar) refers to st7735.o(.data) for StY
    st7735.o(i.ST7735_OutString) refers to st7735.o(i.ST7735_OutChar) for ST7735_OutChar
    st7735.o(i.ST7735_OutUDec) refers to st7735.o(i.fillmessage) for fillmessage
    st7735.o(i.ST7735_OutUDec) refers to st7735.o(i.ST7735_DrawString) for ST7735_DrawString
    st7735.o(i.ST7735_OutUDec) refers to st7735.o(i.ST7735_DrawCharS) for ST7735_DrawCharS
    st7735.o(i.ST7735_OutUDec) refers to st7735.o(.data) for Messageindex
    st7735.o(i.ST7735_OutUDec) refers to st7735.o(.bss) for Message
    st7735.o(i.ST7735_PlotBar) refers to st7735.o(i.ST7735_DrawFastVLine) for ST7735_DrawFastVLine
    st7735.o(i.ST7735_PlotBar) refers to st7735.o(.data) for Ymin
    st7735.o(i.ST7735_PlotClear) refers to st7735.o(i.ST7735_Color565) for ST7735_Color565
    st7735.o(i.ST7735_PlotClear) refers to st7735.o(i.ST7735_FillRect) for ST7735_FillRect
    st7735.o(i.ST7735_PlotClear) refers to st7735.o(.data) for Ymax
    st7735.o(i.ST7735_PlotLine) refers to st7735.o(i.ST7735_DrawPixel) for ST7735_DrawPixel
    st7735.o(i.ST7735_PlotLine) refers to st7735.o(.data) for Ymin
    st7735.o(i.ST7735_PlotNext) refers to st7735.o(.data) for X
    st7735.o(i.ST7735_PlotNextErase) refers to st7735.o(i.ST7735_Color565) for ST7735_Color565
    st7735.o(i.ST7735_PlotNextErase) refers to st7735.o(i.ST7735_DrawFastVLine) for ST7735_DrawFastVLine
    st7735.o(i.ST7735_PlotNextErase) refers to st7735.o(.data) for X
    st7735.o(i.ST7735_PlotPoint) refers to st7735.o(i.ST7735_DrawPixel) for ST7735_DrawPixel
    st7735.o(i.ST7735_PlotPoint) refers to st7735.o(.data) for Ymin
    st7735.o(i.ST7735_PlotPoints) refers to st7735.o(i.ST7735_DrawPixel) for ST7735_DrawPixel
    st7735.o(i.ST7735_PlotPoints) refers to st7735.o(.data) for Ymin
    st7735.o(i.ST7735_PlotdBfs) refers to st7735.o(i.ST7735_DrawFastVLine) for ST7735_DrawFastVLine
    st7735.o(i.ST7735_PlotdBfs) refers to st7735.o(.constdata) for dBfs
    st7735.o(i.ST7735_PlotdBfs) refers to st7735.o(.data) for X
    st7735.o(i.ST7735_SetCursor) refers to st7735.o(.data) for StX
    st7735.o(i.ST7735_SetRotation) refers to lcd.o(.text) for writecommand
    st7735.o(i.ST7735_SetRotation) refers to st7735.o(.data) for Rotation
    st7735.o(i.ST7735_SetTextColor) refers to st7735.o(.data) for StTextColor
    st7735.o(i.commandList) refers to lcd.o(.text) for writecommand
    st7735.o(i.commandList) refers to st7735.o(i.Delay1ms) for Delay1ms
    st7735.o(i.commonInit) refers to st7735.o(i.Delay1ms) for Delay1ms
    st7735.o(i.commonInit) refers to st7735.o(i.commandList) for commandList
    st7735.o(i.commonInit) refers to st7735.o(.data) for RowStart
    st7735.o(i.fillmessage) refers to st7735.o(.bss) for Message
    st7735.o(i.fillmessage) refers to st7735.o(.data) for Messageindex
    st7735.o(i.fputc) refers to st7735.o(i.ST7735_OutChar) for ST7735_OutChar
    st7735.o(i.pushColor) refers to lcd.o(.text) for writedata
    st7735.o(i.setAddrWindow) refers to lcd.o(.text) for writecommand
    st7735.o(i.setAddrWindow) refers to st7735.o(.data) for ColStart
    lab9.o(i.CleanUp) refers to st7735.o(i.ST7735_FillRect) for ST7735_FillRect
    lab9.o(i.CleanUp) refers to lab9.o(.data) for swordposition
    lab9.o(i.Display) refers to lab9.o(i.CleanUp) for CleanUp
    lab9.o(i.Display) refers to lab9.o(i.DrawMe) for DrawMe
    lab9.o(i.Display) refers to lab9.o(i.DrawHim) for DrawHim
    lab9.o(i.Display) refers to st7735.o(i.ST7735_FillRect) for ST7735_FillRect
    lab9.o(i.Display) refers to lab9.o(i.ShowStatus) for ShowStatus
    lab9.o(i.Display) refers to lab9.o(.data) for transmitted
    lab9.o(i.DrawHim) refers to st7735.o(i.ST7735_DrawBitmap) for ST7735_DrawBitmap
    lab9.o(i.DrawHim) refers to st7735.o(i.ST7735_DrawPixel) for ST7735_DrawPixel
    lab9.o(i.DrawHim) refers to st7735.o(i.ST7735_FillRect) for ST7735_FillRect
    lab9.o(i.DrawHim) refers to lab9.o(.data) for swordposition
    lab9.o(i.DrawHim) refers to st7735.o(.bss) for RestBlue
    lab9.o(i.DrawMe) refers to st7735.o(i.ST7735_DrawBitmap) for ST7735_DrawBitmap
    lab9.o(i.DrawMe) refers to st7735.o(i.ST7735_DrawPixel) for ST7735_DrawPixel
    lab9.o(i.DrawMe) refers to st7735.o(i.ST7735_FillRect) for ST7735_FillRect
    lab9.o(i.DrawMe) refers to lab9.o(.data) for swordposition
    lab9.o(i.DrawMe) refers to st7735.o(.bss) for RestYellow
    lab9.o(i.GameOver) refers to st7735.o(i.ST7735_FillScreen) for ST7735_FillScreen
    lab9.o(i.GameOver) refers to st7735.o(i.ST7735_SetCursor) for ST7735_SetCursor
    lab9.o(i.GameOver) refers to st7735.o(i.ST7735_OutString) for ST7735_OutString
    lab9.o(i.GameOver) refers to lab9.o(.data) for gameswon
    lab9.o(i.Initialize_Game) refers to st7735.o(i.ST7735_FillRect) for ST7735_FillRect
    lab9.o(i.Initialize_Game) refers to st7735.o(i.ST7735_SetCursor) for ST7735_SetCursor
    lab9.o(i.Initialize_Game) refers to st7735.o(i.ST7735_OutString) for ST7735_OutString
    lab9.o(i.Initialize_Game) refers to print.o(.text) for LCD_OutDec
    lab9.o(i.Initialize_Game) refers to lab9.o(.data) for gameswon
    lab9.o(i.Measure) refers to adc.o(i.ADC_In) for ADC_In
    lab9.o(i.Measure) refers to lab9.o(i.Convert) for Convert
    lab9.o(i.Measure) refers to adc.o(i.ADC_In2) for ADC_In2
    lab9.o(i.Measure) refers to lab9.o(.data) for swordposition
    lab9.o(i.Modify) refers to lab9.o(.data) for dead
    lab9.o(i.PlayGame) refers to lab9.o(i.Initialize_Game) for Initialize_Game
    lab9.o(i.PlayGame) refers to st7735.o(i.MoveToRAM) for MoveToRAM
    lab9.o(i.PlayGame) refers to startup.o(.text) for EnableInterrupts
    lab9.o(i.PlayGame) refers to lab9.o(i.Display) for Display
    lab9.o(i.PlayGame) refers to lab9.o(i.StartNewRound) for StartNewRound
    lab9.o(i.PlayGame) refers to lab9.o(i.Measure) for Measure
    lab9.o(i.PlayGame) refers to lab9.o(i.Modify) for Modify
    lab9.o(i.PlayGame) refers to lab9.o(i.Transmit) for Transmit
    lab9.o(i.PlayGame) refers to lab9.o(i.GameOver) for GameOver
    lab9.o(i.PlayGame) refers to lab9.o(.data) for gameswon
    lab9.o(i.ShowStatus) refers to st7735.o(i.ST7735_SetCursor) for ST7735_SetCursor
    lab9.o(i.ShowStatus) refers to st7735.o(i.ST7735_OutString) for ST7735_OutString
    lab9.o(i.ShowStatus) refers to print.o(.text) for LCD_OutDec
    lab9.o(i.ShowStatus) refers to lab9.o(.data) for gameswon
    lab9.o(i.StartNewRound) refers to startup.o(.text) for DisableInterrupts
    lab9.o(i.StartNewRound) refers to lab9.o(i.Initialize_Game) for Initialize_Game
    lab9.o(i.StartNewRound) refers to st7735.o(i.ST7735_SetCursor) for ST7735_SetCursor
    lab9.o(i.StartNewRound) refers to st7735.o(i.ST7735_OutString) for ST7735_OutString
    lab9.o(i.StartNewRound) refers to lab9.o(.data) for winner
    lab9.o(i.SysTick_Handler) refers to lab9.o(.data) for displayed
    lab9.o(i.Transmit) refers to startup.o(.text) for DisableInterrupts
    lab9.o(i.Transmit) refers to uart.o(i.UART_OutChar) for UART_OutChar
    lab9.o(i.Transmit) refers to lab9.o(.data) for position
    lab9.o(i.UART1_Handler) refers to uart.o(i.UART_InChar) for UART_InChar
    lab9.o(i.UART1_Handler) refers to lab9.o(.data) for position
    lab9.o(i.main) refers to texas.o(.text) for TExaS_Init
    lab9.o(i.main) refers to st7735.o(i.ST7735_InitR) for ST7735_InitR
    lab9.o(i.main) refers to adc.o(i.ADC_Init) for ADC_Init
    lab9.o(i.main) refers to lab9.o(i.PortF_Init) for PortF_Init
    lab9.o(i.main) refers to lab9.o(i.PortB_Init) for PortB_Init
    lab9.o(i.main) refers to uart.o(i.UART_Init) for UART_Init
    lab9.o(i.main) refers to st7735.o(i.ST7735_SetRotation) for ST7735_SetRotation
    lab9.o(i.main) refers to lab9.o(i.SysTick_Init) for SysTick_Init
    lab9.o(i.main) refers to lab9.o(i.PlayGame) for PlayGame
    fifo.o(i.FiFo_Get) refers to fifo.o(.data) for count
    fifo.o(i.FiFo_Get) refers to fifo.o(.bss) for buffer
    fifo.o(i.FiFo_Init) refers to fifo.o(.data) for count
    fifo.o(i.FiFo_Put) refers to fifo.o(.data) for count
    fifo.o(i.FiFo_Put) refers to fifo.o(.bss) for buffer
    texas.o(.text) refers to texas.o(.bss) for TExaS
    texas.o(.text) refers to texas.o(.constdata) for IntroMsg
    texas.o(.text) refers to texas.o(.data) for LastMode
    __main.o(!!!main) refers to rtentry.o(.ARM.Collect$$rtentry$$00000000) for __rt_entry
    rtentry.o(.ARM.Collect$$rtentry$$00000000) refers (Special) to rtentry2.o(.ARM.Collect$$rtentry$$0000000A) for __rt_entry_li
    rtentry.o(.ARM.Collect$$rtentry$$00000000) refers (Special) to rtentry2.o(.ARM.Collect$$rtentry$$0000000D) for __rt_entry_main
    rtentry.o(.ARM.Collect$$rtentry$$00000000) refers (Special) to rtentry2.o(.ARM.Collect$$rtentry$$0000000C) for __rt_entry_postli_1
    rtentry.o(.ARM.Collect$$rtentry$$00000000) refers (Special) to rtentry2.o(.ARM.Collect$$rtentry$$00000009) for __rt_entry_postsh_1
    rtentry.o(.ARM.Collect$$rtentry$$00000000) refers (Special) to rtentry2.o(.ARM.Collect$$rtentry$$00000002) for __rt_entry_presh_1
    rtentry.o(.ARM.Collect$$rtentry$$00000000) refers (Special) to rtentry4.o(.ARM.Collect$$rtentry$$00000004) for __rt_entry_sh
    rtentry2.o(.ARM.Collect$$rtentry$$00000008) refers to boardinit2.o(.text) for _platform_post_stackheap_init
    rtentry2.o(.ARM.Collect$$rtentry$$0000000A) refers to libinit.o(.ARM.Collect$$libinit$$00000000) for __rt_lib_init
    rtentry2.o(.ARM.Collect$$rtentry$$0000000B) refers to boardinit3.o(.text) for _platform_post_lib_init
    rtentry2.o(.ARM.Collect$$rtentry$$0000000D) refers to lab9.o(i.main) for main
    rtentry2.o(.ARM.Collect$$rtentry$$0000000D) refers to exit.o(.text) for exit
    rtentry2.o(.ARM.exidx) refers to rtentry2.o(.ARM.Collect$$rtentry$$00000001) for .ARM.Collect$$rtentry$$00000001
    rtentry2.o(.ARM.exidx) refers to rtentry2.o(.ARM.Collect$$rtentry$$00000008) for .ARM.Collect$$rtentry$$00000008
    rtentry2.o(.ARM.exidx) refers to rtentry2.o(.ARM.Collect$$rtentry$$0000000A) for .ARM.Collect$$rtentry$$0000000A
    rtentry2.o(.ARM.exidx) refers to rtentry2.o(.ARM.Collect$$rtentry$$0000000B) for .ARM.Collect$$rtentry$$0000000B
    rtentry2.o(.ARM.exidx) refers to rtentry2.o(.ARM.Collect$$rtentry$$0000000D) for .ARM.Collect$$rtentry$$0000000D
    rtentry4.o(.ARM.Collect$$rtentry$$00000004) refers to sys_stackheap_outer.o(.text) for __user_setup_stackheap
    rtentry4.o(.ARM.exidx) refers to rtentry4.o(.ARM.Collect$$rtentry$$00000004) for .ARM.Collect$$rtentry$$00000004
    sys_stackheap_outer.o(.text) refers to libspace.o(.text) for __user_perproc_libspace
    sys_stackheap_outer.o(.text) refers to startup.o(.text) for __user_initial_stackheap
    exit.o(.text) refers to rtexit.o(.ARM.Collect$$rtexit$$00000000) for __rt_exit
    libinit.o(.ARM.Collect$$libinit$$00000000) refers (Special) to libinit2.o(.ARM.Collect$$libinit$$0000002C) for __rt_lib_init_alloca_1
    libinit.o(.ARM.Collect$$libinit$$00000000) refers (Special) to libinit2.o(.ARM.Collect$$libinit$$0000002A) for __rt_lib_init_argv_1
    libinit.o(.ARM.Collect$$libinit$$00000000) refers (Special) to libinit2.o(.ARM.Collect$$libinit$$00000019) for __rt_lib_init_atexit_1
    libinit.o(.ARM.Collect$$libinit$$00000000) refers (Special) to libinit2.o(.ARM.Collect$$libinit$$0000001F) for __rt_lib_init_clock_1
    libinit.o(.ARM.Collect$$libinit$$00000000) refers (Special) to libinit2.o(.ARM.Collect$$libinit$$00000030) for __rt_lib_init_cpp_1
    libinit.o(.ARM.Collect$$libinit$$00000000) refers (Special) to libinit2.o(.ARM.Collect$$libinit$$0000002E) for __rt_lib_init_exceptions_1
    libinit.o(.ARM.Collect$$libinit$$00000000) refers (Special) to libinit2.o(.ARM.Collect$$libinit$$00000002) for __rt_lib_init_fp_1
    libinit.o(.ARM.Collect$$libinit$$00000000) refers (Special) to libinit2.o(.ARM.Collect$$libinit$$0000001D) for __rt_lib_init_fp_trap_1
    libinit.o(.ARM.Collect$$libinit$$00000000) refers (Special) to libinit2.o(.ARM.Collect$$libinit$$00000021) for __rt_lib_init_getenv_1
    libinit.o(.ARM.Collect$$libinit$$00000000) refers (Special) to libinit2.o(.ARM.Collect$$libinit$$00000008) for __rt_lib_init_heap_1
    libinit.o(.ARM.Collect$$libinit$$00000000) refers (Special) to libinit2.o(.ARM.Collect$$libinit$$0000000F) for __rt_lib_init_lc_collate_1
    libinit.o(.ARM.Collect$$libinit$$00000000) refers (Special) to libinit2.o(.ARM.Collect$$libinit$$00000011) for __rt_lib_init_lc_ctype_1
    libinit.o(.ARM.Collect$$libinit$$00000000) refers (Special) to libinit2.o(.ARM.Collect$$libinit$$00000013) for __rt_lib_init_lc_monetary_1
    libinit.o(.ARM.Collect$$libinit$$00000000) refers (Special) to libinit2.o(.ARM.Collect$$libinit$$00000015) for __rt_lib_init_lc_numeric_1
    libinit.o(.ARM.Collect$$libinit$$00000000) refers (Special) to libinit2.o(.ARM.Collect$$libinit$$00000017) for __rt_lib_init_lc_time_1
    libinit.o(.ARM.Collect$$libinit$$00000000) refers (Special) to libinit2.o(.ARM.Collect$$libinit$$0000000C) for __rt_lib_init_rand_1
    libinit.o(.ARM.Collect$$libinit$$00000000) refers (Special) to libinit2.o(.ARM.Collect$$libinit$$00000031) for __rt_lib_init_return
    libinit.o(.ARM.Collect$$libinit$$00000000) refers (Special) to libinit2.o(.ARM.Collect$$libinit$$0000001B) for __rt_lib_init_signal_1
    libinit.o(.ARM.Collect$$libinit$$00000000) refers (Special) to libinit2.o(.ARM.Collect$$libinit$$00000023) for __rt_lib_init_stdio_1
    libinit.o(.ARM.Collect$$libinit$$00000000) refers (Special) to libinit2.o(.ARM.Collect$$libinit$$0000000A) for __rt_lib_init_user_alloc_1
    libspace.o(.text) refers to libspace.o(.bss) for __libspace_start
    rtexit.o(.ARM.Collect$$rtexit$$00000000) refers (Special) to rtexit2.o(.ARM.Collect$$rtexit$$00000004) for __rt_exit_exit
    rtexit.o(.ARM.Collect$$rtexit$$00000000) refers (Special) to rtexit2.o(.ARM.Collect$$rtexit$$00000003) for __rt_exit_ls
    rtexit.o(.ARM.Collect$$rtexit$$00000000) refers (Special) to rtexit2.o(.ARM.Collect$$rtexit$$00000002) for __rt_exit_prels_1
    rtexit.o(.ARM.exidx) refers (Special) to rtexit2.o(.ARM.Collect$$rtexit$$00000004) for __rt_exit_exit
    rtexit.o(.ARM.exidx) refers (Special) to rtexit2.o(.ARM.Collect$$rtexit$$00000003) for __rt_exit_ls
    rtexit.o(.ARM.exidx) refers (Special) to rtexit2.o(.ARM.Collect$$rtexit$$00000002) for __rt_exit_prels_1
    rtexit.o(.ARM.exidx) refers to rtexit.o(.ARM.Collect$$rtexit$$00000000) for .ARM.Collect$$rtexit$$00000000
    libinit2.o(.ARM.Collect$$libinit$$0000000E) refers to libinit2.o(.ARM.Collect$$libinit$$0000000D) for .ARM.Collect$$libinit$$0000000D
    libinit2.o(.ARM.Collect$$libinit$$00000010) refers to libinit2.o(.ARM.Collect$$libinit$$0000000D) for .ARM.Collect$$libinit$$0000000D
    libinit2.o(.ARM.Collect$$libinit$$00000012) refers to libinit2.o(.ARM.Collect$$libinit$$0000000D) for .ARM.Collect$$libinit$$0000000D
    libinit2.o(.ARM.Collect$$libinit$$00000014) refers to libinit2.o(.ARM.Collect$$libinit$$0000000D) for .ARM.Collect$$libinit$$0000000D
    libinit2.o(.ARM.Collect$$libinit$$00000016) refers to libinit2.o(.ARM.Collect$$libinit$$0000000D) for .ARM.Collect$$libinit$$0000000D
    libinit2.o(.ARM.Collect$$libinit$$00000024) refers to argv_veneer.o(.emb_text) for __ARM_argv_veneer
    libinit2.o(.ARM.Collect$$libinit$$00000025) refers to argv_veneer.o(.emb_text) for __ARM_argv_veneer
    rtexit2.o(.ARM.Collect$$rtexit$$00000003) refers to libshutdown.o(.ARM.Collect$$libshutdown$$00000000) for __rt_lib_shutdown
    rtexit2.o(.ARM.Collect$$rtexit$$00000004) refers to sys_exit.o(.text) for _sys_exit
    rtexit2.o(.ARM.exidx) refers to rtexit2.o(.ARM.Collect$$rtexit$$00000001) for .ARM.Collect$$rtexit$$00000001
    rtexit2.o(.ARM.exidx) refers to rtexit2.o(.ARM.Collect$$rtexit$$00000003) for .ARM.Collect$$rtexit$$00000003
    rtexit2.o(.ARM.exidx) refers to rtexit2.o(.ARM.Collect$$rtexit$$00000004) for .ARM.Collect$$rtexit$$00000004
    argv_veneer.o(.emb_text) refers to no_argv.o(.text) for __ARM_get_argv
    sys_exit.o(.text) refers (Special) to use_no_semi.o(.text) for __I$use$semihosting
    sys_exit.o(.text) refers (Special) to indicate_semi.o(.text) for __semihosting_library_function
    _get_argv_nomalloc.o(.text) refers (Special) to hrguard.o(.text) for __heap_region$guard
    _get_argv_nomalloc.o(.text) refers to defsig_rtmem_outer.o(.text) for __rt_SIGRTMEM
    _get_argv_nomalloc.o(.text) refers to sys_command.o(.text) for _sys_command_string
    libshutdown.o(.ARM.Collect$$libshutdown$$00000000) refers (Special) to libshutdown2.o(.ARM.Collect$$libshutdown$$00000006) for __rt_lib_shutdown_fp_trap_1
    libshutdown.o(.ARM.Collect$$libshutdown$$00000000) refers (Special) to libshutdown2.o(.ARM.Collect$$libshutdown$$0000000E) for __rt_lib_shutdown_heap_1
    libshutdown.o(.ARM.Collect$$libshutdown$$00000000) refers (Special) to libshutdown2.o(.ARM.Collect$$libshutdown$$0000000F) for __rt_lib_shutdown_return
    libshutdown.o(.ARM.Collect$$libshutdown$$00000000) refers (Special) to libshutdown2.o(.ARM.Collect$$libshutdown$$00000009) for __rt_lib_shutdown_signal_1
    libshutdown.o(.ARM.Collect$$libshutdown$$00000000) refers (Special) to libshutdown2.o(.ARM.Collect$$libshutdown$$00000003) for __rt_lib_shutdown_stdio_1
    libshutdown.o(.ARM.Collect$$libshutdown$$00000000) refers (Special) to libshutdown2.o(.ARM.Collect$$libshutdown$$0000000B) for __rt_lib_shutdown_user_alloc_1
    sys_command.o(.text) refers (Special) to use_no_semi.o(.text) for __I$use$semihosting
    sys_command.o(.text) refers (Special) to indicate_semi.o(.text) for __semihosting_library_function
    defsig_rtmem_outer.o(.text) refers to defsig_rtmem_inner.o(.text) for __rt_SIGRTMEM_inner
    defsig_rtmem_outer.o(.text) refers to defsig_exit.o(.text) for __sig_exit
    defsig_rtmem_formal.o(.text) refers to rt_raise.o(.text) for __rt_raise
    rt_raise.o(.text) refers to __raise.o(.text) for __raise
    rt_raise.o(.text) refers to sys_exit.o(.text) for _sys_exit
    defsig_exit.o(.text) refers to sys_exit.o(.text) for _sys_exit
    defsig_rtmem_inner.o(.text) refers to defsig_general.o(.text) for __default_signal_display
    __raise.o(.text) refers to defsig.o(CL$$defsig) for __default_signal_handler
    defsig_general.o(.text) refers to sys_wrch.o(.text) for _ttywrch
    sys_wrch.o(.text) refers (Special) to use_no_semi.o(.text) for __I$use$semihosting
    sys_wrch.o(.text) refers (Special) to indicate_semi.o(.text) for __semihosting_library_function
    defsig.o(CL$$defsig) refers to defsig_rtmem_inner.o(.text) for __rt_SIGRTMEM_inner
    defsig_abrt_inner.o(.text) refers to defsig_general.o(.text) for __default_signal_display
    defsig_fpe_inner.o(.text) refers to defsig_general.o(.text) for __default_signal_display
    defsig_rtred_inner.o(.text) refers to defsig_general.o(.text) for __default_signal_display
    defsig_stak_inner.o(.text) refers to defsig_general.o(.text) for __default_signal_display
    defsig_pvfn_inner.o(.text) refers to defsig_general.o(.text) for __default_signal_display
    defsig_cppl_inner.o(.text) refers to defsig_general.o(.text) for __default_signal_display
    defsig_segv_inner.o(.text) refers to defsig_general.o(.text) for __default_signal_display
    defsig_other.o(.text) refers to defsig_general.o(.text) for __default_signal_display


==============================================================================

Removing Unused input sections from the image.

    Removing st7735.o(i.Output_Clear), (10 bytes).
    Removing st7735.o(i.Output_Color), (12 bytes).
    Removing st7735.o(i.Output_Init), (16 bytes).
    Removing st7735.o(i.Output_Off), (8 bytes).
    Removing st7735.o(i.Output_On), (8 bytes).
    Removing st7735.o(i.ST7735_Color565), (24 bytes).
    Removing st7735.o(i.ST7735_DrawChar), (268 bytes).
    Removing st7735.o(i.ST7735_DrawFastHLine), (124 bytes).
    Removing st7735.o(i.ST7735_DrawFastVLine), (124 bytes).
    Removing st7735.o(i.ST7735_InitB), (40 bytes).
    Removing st7735.o(i.ST7735_InvertDisplay), (22 bytes).
    Removing st7735.o(i.ST7735_OutUDec), (140 bytes).
    Removing st7735.o(i.ST7735_PlotBar), (88 bytes).
    Removing st7735.o(i.ST7735_PlotClear), (92 bytes).
    Removing st7735.o(i.ST7735_PlotLine), (264 bytes).
    Removing st7735.o(i.ST7735_PlotNext), (32 bytes).
    Removing st7735.o(i.ST7735_PlotNextErase), (64 bytes).
    Removing st7735.o(i.ST7735_PlotPoint), (152 bytes).
    Removing st7735.o(i.ST7735_PlotPoints), (172 bytes).
    Removing st7735.o(i.ST7735_PlotdBfs), (60 bytes).
    Removing st7735.o(i.ST7735_SetTextColor), (12 bytes).
    Removing st7735.o(i.ST7735_SwapColor), (18 bytes).
    Removing st7735.o(i.ferror), (8 bytes).
    Removing st7735.o(i.fgetc), (6 bytes).
    Removing st7735.o(i.fillmessage), (72 bytes).
    Removing st7735.o(i.fputc), (16 bytes).
    Removing uart.o(.data), (4 bytes).
    Removing fifo.o(i.FiFo_Get), (68 bytes).
    Removing fifo.o(i.FiFo_Init), (28 bytes).
    Removing fifo.o(i.FiFo_Put), (68 bytes).
    Removing fifo.o(.bss), (9 bytes).
    Removing fifo.o(.data), (3 bytes).

32 unused section(s) (total 2032 bytes) removed from the image.

==============================================================================

Image Symbol Table

    Local Symbols

    Symbol Name                              Value     Ov Type        Size  Object(Section)

    RESET                                    0x00000000   Section      644  startup.o(RESET)
    ../clib/angel/boardlib.s                 0x00000000   Number         0  boardinit1.o ABSOLUTE
    ../clib/angel/boardlib.s                 0x00000000   Number         0  boardinit3.o ABSOLUTE
    ../clib/angel/boardlib.s                 0x00000000   Number         0  boardinit2.o ABSOLUTE
    ../clib/angel/boardlib.s                 0x00000000   Number         0  boardshut.o ABSOLUTE
    ../clib/angel/handlers.s                 0x00000000   Number         0  __scatter_zi.o ABSOLUTE
    ../clib/angel/handlers.s                 0x00000000   Number         0  __scatter_copy.o ABSOLUTE
    ../clib/angel/kernel.s                   0x00000000   Number         0  rtentry.o ABSOLUTE
    ../clib/angel/kernel.s                   0x00000000   Number         0  rtentry4.o ABSOLUTE
    ../clib/angel/kernel.s                   0x00000000   Number         0  rtentry2.o ABSOLUTE
    ../clib/angel/kernel.s                   0x00000000   Number         0  rtexit.o ABSOLUTE
    ../clib/angel/kernel.s                   0x00000000   Number         0  rtexit2.o ABSOLUTE
    ../clib/angel/rt.s                       0x00000000   Number         0  rt_raise.o ABSOLUTE
    ../clib/angel/scatter.s                  0x00000000   Number         0  __scatter.o ABSOLUTE
    ../clib/angel/startup.s                  0x00000000   Number         0  __main.o ABSOLUTE
    ../clib/angel/sys.s                      0x00000000   Number         0  sys_stackheap_outer.o ABSOLUTE
    ../clib/angel/sys.s                      0x00000000   Number         0  libspace.o ABSOLUTE
    ../clib/angel/sys.s                      0x00000000   Number         0  indicate_semi.o ABSOLUTE
    ../clib/angel/sys.s                      0x00000000   Number         0  use_no_semi.o ABSOLUTE
    ../clib/angel/sysapp.c                   0x00000000   Number         0  sys_command.o ABSOLUTE
    ../clib/angel/sysapp.c                   0x00000000   Number         0  sys_wrch.o ABSOLUTE
    ../clib/angel/sysapp.c                   0x00000000   Number         0  sys_exit.o ABSOLUTE
    ../clib/armsys.c                         0x00000000   Number         0  argv_veneer.o ABSOLUTE
    ../clib/armsys.c                         0x00000000   Number         0  no_argv.o ABSOLUTE
    ../clib/armsys.c                         0x00000000   Number         0  _get_argv_nomalloc.o ABSOLUTE
    ../clib/armsys.c                         0x00000000   Number         0  argv_veneer.o ABSOLUTE
    ../clib/heapalloc.c                      0x00000000   Number         0  hrguard.o ABSOLUTE
    ../clib/heapaux.c                        0x00000000   Number         0  heapauxi.o ABSOLUTE
    ../clib/libinit.s                        0x00000000   Number         0  libinit.o ABSOLUTE
    ../clib/libinit.s                        0x00000000   Number         0  libinit2.o ABSOLUTE
    ../clib/libinit.s                        0x00000000   Number         0  libshutdown.o ABSOLUTE
    ../clib/libinit.s                        0x00000000   Number         0  libshutdown2.o ABSOLUTE
    ../clib/signal.c                         0x00000000   Number         0  defsig_cppl_inner.o ABSOLUTE
    ../clib/signal.c                         0x00000000   Number         0  defsig_exit.o ABSOLUTE
    ../clib/signal.c                         0x00000000   Number         0  defsig_rtmem_formal.o ABSOLUTE
    ../clib/signal.c                         0x00000000   Number         0  defsig_rtmem_outer.o ABSOLUTE
    ../clib/signal.c                         0x00000000   Number         0  defsig_other.o ABSOLUTE
    ../clib/signal.c                         0x00000000   Number         0  __raise.o ABSOLUTE
    ../clib/signal.c                         0x00000000   Number         0  defsig_segv_inner.o ABSOLUTE
    ../clib/signal.c                         0x00000000   Number         0  defsig_pvfn_inner.o ABSOLUTE
    ../clib/signal.c                         0x00000000   Number         0  defsig_stak_inner.o ABSOLUTE
    ../clib/signal.c                         0x00000000   Number         0  defsig_rtred_inner.o ABSOLUTE
    ../clib/signal.c                         0x00000000   Number         0  defsig_fpe_inner.o ABSOLUTE
    ../clib/signal.c                         0x00000000   Number         0  defsig_abrt_inner.o ABSOLUTE
    ../clib/signal.c                         0x00000000   Number         0  defsig_general.o ABSOLUTE
    ../clib/signal.c                         0x00000000   Number         0  defsig_rtmem_inner.o ABSOLUTE
    ../clib/signal.s                         0x00000000   Number         0  defsig.o ABSOLUTE
    ../clib/stdlib.c                         0x00000000   Number         0  exit.o ABSOLUTE
    ../fplib/fpinit.s                        0x00000000   Number         0  fpinit.o ABSOLUTE
    ADC.c                                    0x00000000   Number         0  adc.o ABSOLUTE
    FiFo.c                                   0x00000000   Number         0  fifo.o ABSOLUTE
    LCD.s                                    0x00000000   Number         0  lcd.o ABSOLUTE
    Lab9.c                                   0x00000000   Number         0  lab9.o ABSOLUTE
    Print.s                                  0x00000000   Number         0  print.o ABSOLUTE
    ST7735.c                                 0x00000000   Number         0  st7735.o ABSOLUTE
    TExaS.c                                  0x00000000   Number         0  texas.o ABSOLUTE
    UART.c                                   0x00000000   Number         0  uart.o ABSOLUTE
    dc.s                                     0x00000000   Number         0  dc.o ABSOLUTE
    startup.s                                0x00000000   Number         0  startup.o ABSOLUTE
    !!!main                                  0x00000284   Section        8  __main.o(!!!main)
    !!!scatter                               0x0000028c   Section       52  __scatter.o(!!!scatter)
    !!handler_copy                           0x000002c0   Section       26  __scatter_copy.o(!!handler_copy)
    !!handler_zi                             0x000002dc   Section       28  __scatter_zi.o(!!handler_zi)
    .ARM.Collect$$libinit$$00000000          0x000002f8   Section        2  libinit.o(.ARM.Collect$$libinit$$00000000)
    .ARM.Collect$$libinit$$00000002          0x000002fa   Section        0  libinit2.o(.ARM.Collect$$libinit$$00000002)
    .ARM.Collect$$libinit$$00000008          0x000002fa   Section        0  libinit2.o(.ARM.Collect$$libinit$$00000008)
    .ARM.Collect$$libinit$$0000000A          0x000002fa   Section        0  libinit2.o(.ARM.Collect$$libinit$$0000000A)
    .ARM.Collect$$libinit$$0000000C          0x000002fa   Section        0  libinit2.o(.ARM.Collect$$libinit$$0000000C)
    .ARM.Collect$$libinit$$0000000F          0x000002fa   Section        0  libinit2.o(.ARM.Collect$$libinit$$0000000F)
    .ARM.Collect$$libinit$$00000011          0x000002fa   Section        0  libinit2.o(.ARM.Collect$$libinit$$00000011)
    .ARM.Collect$$libinit$$00000013          0x000002fa   Section        0  libinit2.o(.ARM.Collect$$libinit$$00000013)
    .ARM.Collect$$libinit$$00000015          0x000002fa   Section        0  libinit2.o(.ARM.Collect$$libinit$$00000015)
    .ARM.Collect$$libinit$$00000017          0x000002fa   Section        0  libinit2.o(.ARM.Collect$$libinit$$00000017)
    .ARM.Collect$$libinit$$00000019          0x000002fa   Section        0  libinit2.o(.ARM.Collect$$libinit$$00000019)
    .ARM.Collect$$libinit$$0000001B          0x000002fa   Section        0  libinit2.o(.ARM.Collect$$libinit$$0000001B)
    .ARM.Collect$$libinit$$0000001D          0x000002fa   Section        0  libinit2.o(.ARM.Collect$$libinit$$0000001D)
    .ARM.Collect$$libinit$$0000001F          0x000002fa   Section        0  libinit2.o(.ARM.Collect$$libinit$$0000001F)
    .ARM.Collect$$libinit$$00000021          0x000002fa   Section        0  libinit2.o(.ARM.Collect$$libinit$$00000021)
    .ARM.Collect$$libinit$$00000023          0x000002fa   Section        0  libinit2.o(.ARM.Collect$$libinit$$00000023)
    .ARM.Collect$$libinit$$0000002A          0x000002fa   Section        0  libinit2.o(.ARM.Collect$$libinit$$0000002A)
    .ARM.Collect$$libinit$$0000002C          0x000002fa   Section        0  libinit2.o(.ARM.Collect$$libinit$$0000002C)
    .ARM.Collect$$libinit$$0000002E          0x000002fa   Section        0  libinit2.o(.ARM.Collect$$libinit$$0000002E)
    .ARM.Collect$$libinit$$00000030          0x000002fa   Section        0  libinit2.o(.ARM.Collect$$libinit$$00000030)
    .ARM.Collect$$libinit$$00000031          0x000002fa   Section        2  libinit2.o(.ARM.Collect$$libinit$$00000031)
    .ARM.Collect$$libshutdown$$00000000      0x000002fc   Section        2  libshutdown.o(.ARM.Collect$$libshutdown$$00000000)
    .ARM.Collect$$libshutdown$$00000003      0x000002fe   Section        0  libshutdown2.o(.ARM.Collect$$libshutdown$$00000003)
    .ARM.Collect$$libshutdown$$00000006      0x000002fe   Section        0  libshutdown2.o(.ARM.Collect$$libshutdown$$00000006)
    .ARM.Collect$$libshutdown$$00000009      0x000002fe   Section        0  libshutdown2.o(.ARM.Collect$$libshutdown$$00000009)
    .ARM.Collect$$libshutdown$$0000000B      0x000002fe   Section        0  libshutdown2.o(.ARM.Collect$$libshutdown$$0000000B)
    .ARM.Collect$$libshutdown$$0000000E      0x000002fe   Section        0  libshutdown2.o(.ARM.Collect$$libshutdown$$0000000E)
    .ARM.Collect$$libshutdown$$0000000F      0x000002fe   Section        2  libshutdown2.o(.ARM.Collect$$libshutdown$$0000000F)
    .ARM.Collect$$rtentry$$00000000          0x00000300   Section        0  rtentry.o(.ARM.Collect$$rtentry$$00000000)
    .ARM.Collect$$rtentry$$00000002          0x00000300   Section        0  rtentry2.o(.ARM.Collect$$rtentry$$00000002)
    .ARM.Collect$$rtentry$$00000004          0x00000300   Section        6  rtentry4.o(.ARM.Collect$$rtentry$$00000004)
    .ARM.Collect$$rtentry$$00000009          0x00000306   Section        0  rtentry2.o(.ARM.Collect$$rtentry$$00000009)
    .ARM.Collect$$rtentry$$0000000A          0x00000306   Section        4  rtentry2.o(.ARM.Collect$$rtentry$$0000000A)
    .ARM.Collect$$rtentry$$0000000C          0x0000030a   Section        0  rtentry2.o(.ARM.Collect$$rtentry$$0000000C)
    .ARM.Collect$$rtentry$$0000000D          0x0000030a   Section        8  rtentry2.o(.ARM.Collect$$rtentry$$0000000D)
    .ARM.Collect$$rtexit$$00000000           0x00000312   Section        2  rtexit.o(.ARM.Collect$$rtexit$$00000000)
    .ARM.Collect$$rtexit$$00000002           0x00000314   Section        0  rtexit2.o(.ARM.Collect$$rtexit$$00000002)
    .ARM.Collect$$rtexit$$00000003           0x00000314   Section        4  rtexit2.o(.ARM.Collect$$rtexit$$00000003)
    .ARM.Collect$$rtexit$$00000004           0x00000318   Section        6  rtexit2.o(.ARM.Collect$$rtexit$$00000004)
    .text                                    0x00000320   Section       48  startup.o(.text)
    .text                                    0x00000350   Section       76  lcd.o(.text)
    .text                                    0x0000039c   Section      188  print.o(.text)
    OVEROUT                                  0x0000044e   Data           0  print.o(.text)
    .text                                    0x00000458   Section        0  texas.o(.text)
    .text                                    0x000008f8   Section        0  heapauxi.o(.text)
    .text                                    0x000008fe   Section       74  sys_stackheap_outer.o(.text)
    .text                                    0x00000948   Section        0  exit.o(.text)
    .text                                    0x00000954   Section        8  libspace.o(.text)
    .text                                    0x0000095c   Section        0  sys_exit.o(.text)
    .text                                    0x00000968   Section        2  use_no_semi.o(.text)
    .text                                    0x0000096a   Section        0  indicate_semi.o(.text)
    i.ADC_In                                 0x0000096c   Section        0  adc.o(i.ADC_In)
    i.ADC_In2                                0x00000998   Section        0  adc.o(i.ADC_In2)
    i.ADC_Init                               0x000009c4   Section        0  adc.o(i.ADC_Init)
    i.CleanUp                                0x00000bc4   Section        0  lab9.o(i.CleanUp)
    i.Convert                                0x00000d38   Section        0  lab9.o(i.Convert)
    i.Delay1ms                               0x00000d4c   Section        0  st7735.o(i.Delay1ms)
    i.Display                                0x00000d6c   Section        0  lab9.o(i.Display)
    i.DrawHim                                0x00000eac   Section        0  lab9.o(i.DrawHim)
    i.DrawMe                                 0x000010bc   Section        0  lab9.o(i.DrawMe)
    i.GameOver                               0x000012cc   Section        0  lab9.o(i.GameOver)
    i.Initialize_Game                        0x00001354   Section        0  lab9.o(i.Initialize_Game)
    i.Measure                                0x00001470   Section        0  lab9.o(i.Measure)
    i.Modify                                 0x000015d8   Section        0  lab9.o(i.Modify)
    i.MoveToRAM                              0x00001764   Section        0  st7735.o(i.MoveToRAM)
    i.PlayGame                               0x000019f8   Section        0  lab9.o(i.PlayGame)
    i.PortB_Init                             0x00001aa4   Section        0  lab9.o(i.PortB_Init)
    i.PortF_Init                             0x00001adc   Section        0  lab9.o(i.PortF_Init)
    i.ST7735_DrawBitmap                      0x00001b48   Section        0  st7735.o(i.ST7735_DrawBitmap)
    i.ST7735_DrawCharS                       0x00001c68   Section        0  st7735.o(i.ST7735_DrawCharS)
    i.ST7735_DrawPixel                       0x00001d5c   Section        0  st7735.o(i.ST7735_DrawPixel)
    i.ST7735_DrawString                      0x00001da4   Section        0  st7735.o(i.ST7735_DrawString)
    i.ST7735_FillRect                        0x00001df8   Section        0  st7735.o(i.ST7735_FillRect)
    i.ST7735_FillScreen                      0x00001ea4   Section        0  st7735.o(i.ST7735_FillScreen)
    i.ST7735_InitR                           0x00001ec8   Section        0  st7735.o(i.ST7735_InitR)
    i.ST7735_OutChar                         0x00001f44   Section        0  st7735.o(i.ST7735_OutChar)
    i.ST7735_OutString                       0x00002018   Section        0  st7735.o(i.ST7735_OutString)
    i.ST7735_SetCursor                       0x00002030   Section        0  st7735.o(i.ST7735_SetCursor)
    i.ST7735_SetRotation                     0x00002050   Section        0  st7735.o(i.ST7735_SetRotation)
    i.ShowStatus                             0x00002124   Section        0  lab9.o(i.ShowStatus)
    i.StartNewRound                          0x00002240   Section        0  lab9.o(i.StartNewRound)
    i.SysTick_Handler                        0x000022e8   Section        0  lab9.o(i.SysTick_Handler)
    i.SysTick_Init                           0x000022f4   Section        0  lab9.o(i.SysTick_Init)
    i.Transmit                               0x00002330   Section        0  lab9.o(i.Transmit)
    i.UART1_Handler                          0x000023d8   Section        0  lab9.o(i.UART1_Handler)
    i.UART_InChar                            0x00002584   Section        0  uart.o(i.UART_InChar)
    i.UART_Init                              0x0000259c   Section        0  uart.o(i.UART_Init)
    i.UART_OutChar                           0x00002664   Section        0  uart.o(i.UART_OutChar)
    i.commandList                            0x0000267c   Section        0  st7735.o(i.commandList)
    commandList                              0x0000267d   Thumb Code    86  st7735.o(i.commandList)
    i.commonInit                             0x000026d4   Section        0  st7735.o(i.commonInit)
    commonInit                               0x000026d5   Thumb Code   340  st7735.o(i.commonInit)
    i.main                                   0x00002858   Section        0  lab9.o(i.main)
    i.pushColor                              0x00002886   Section        0  st7735.o(i.pushColor)
    pushColor                                0x00002887   Thumb Code    18  st7735.o(i.pushColor)
    i.setAddrWindow                          0x00002898   Section        0  st7735.o(i.setAddrWindow)
    setAddrWindow                            0x00002899   Thumb Code   106  st7735.o(i.setAddrWindow)
    .constdata                               0x0000290c   Section     8937  st7735.o(.constdata)
    Font                                     0x0000290c   Data        1275  st7735.o(.constdata)
    Bcmd                                     0x0000490e   Data         103  st7735.o(.constdata)
    Rcmd1                                    0x00004975   Data          59  st7735.o(.constdata)
    Rcmd2green                               0x000049b0   Data          13  st7735.o(.constdata)
    Rcmd2red                                 0x000049bd   Data          13  st7735.o(.constdata)
    Rcmd3                                    0x000049ca   Data          43  st7735.o(.constdata)
    .constdata                               0x00004bf5   Section      240  texas.o(.constdata)
    .data                                    0x20000000   Section       44  st7735.o(.data)
    _width                                   0x2000000a   Data           2  st7735.o(.data)
    _height                                  0x2000000c   Data           2  st7735.o(.data)
    ColStart                                 0x20000014   Data           1  st7735.o(.data)
    RowStart                                 0x20000015   Data           1  st7735.o(.data)
    Rotation                                 0x20000016   Data           1  st7735.o(.data)
    TabColor                                 0x20000017   Data           1  st7735.o(.data)
    .data                                    0x2000002c   Section       79  lab9.o(.data)
    .data                                    0x2000007c   Section       48  texas.o(.data)
    .bss                                     0x200000ac   Section    14148  st7735.o(.bss)
    .bss                                     0x200037f0   Section       56  texas.o(.bss)
    .bss                                     0x20003828   Section       96  libspace.o(.bss)
    HEAP                                     0x20003888   Section        0  startup.o(HEAP)
    STACK                                    0x20003888   Section     1024  startup.o(STACK)
    HeapMem                                  0x20003888   Data           0  startup.o(HEAP)
    StackMem                                 0x20003888   Data           0  startup.o(STACK)

    Global Symbols

    Symbol Name                              Value     Ov Type        Size  Object(Section)

    BuildAttributes$$THM_ISAv4$E$P$D$K$B$S$7EM$PE$A:L22UL41UL21$X:L11$S22US41US21$IEEE1$IW$USESV6$~STKCKD$USESV7$~SHL$OSPACE$ROPI$EBA8$UX$STANDARDLIB$REQ8$PRES8$EABIv2 0x00000000   Number         0  anon$$obj.o ABSOLUTE
    __ARM_use_no_argv                        0x00000000   Number         0  lab9.o ABSOLUTE
    __Vectors                                0x00000000   Data           0  startup.o(RESET)
    __ARM_exceptions_init                     - Undefined Weak Reference
    __alloca_initialize                       - Undefined Weak Reference
    __cpp_initialize__aeabi_                  - Undefined Weak Reference
    __cxa_finalize                            - Undefined Weak Reference
    __rt_locale                               - Undefined Weak Reference
    __sigvec_lookup                           - Undefined Weak Reference
    _atexit_init                              - Undefined Weak Reference
    _call_atexit_fns                          - Undefined Weak Reference
    _clock_init                               - Undefined Weak Reference
    _fp_trap_init                             - Undefined Weak Reference
    _fp_trap_shutdown                         - Undefined Weak Reference
    _get_lc_collate                           - Undefined Weak Reference
    _get_lc_ctype                             - Undefined Weak Reference
    _get_lc_monetary                          - Undefined Weak Reference
    _get_lc_numeric                           - Undefined Weak Reference
    _get_lc_time                              - Undefined Weak Reference
    _getenv_init                              - Undefined Weak Reference
    _handle_redirection                       - Undefined Weak Reference
    _init_alloc                               - Undefined Weak Reference
    _init_user_alloc                          - Undefined Weak Reference
    _initio                                   - Undefined Weak Reference
    _rand_init                                - Undefined Weak Reference
    _signal_finish                            - Undefined Weak Reference
    _signal_init                              - Undefined Weak Reference
    _terminate_alloc                          - Undefined Weak Reference
    _terminate_user_alloc                     - Undefined Weak Reference
    _terminateio                              - Undefined Weak Reference
    Reset_Handler                            0x0000026d   Thumb Code     0  startup.o(RESET)
    NMI_Handler                              0x00000271   Thumb Code     2  startup.o(RESET)
    HardFault_Handler                        0x00000273   Thumb Code     2  startup.o(RESET)
    MemManage_Handler                        0x00000275   Thumb Code     2  startup.o(RESET)
    BusFault_Handler                         0x00000277   Thumb Code     2  startup.o(RESET)
    UsageFault_Handler                       0x00000279   Thumb Code     2  startup.o(RESET)
    SVC_Handler                              0x0000027b   Thumb Code     2  startup.o(RESET)
    DebugMon_Handler                         0x0000027d   Thumb Code     2  startup.o(RESET)
    PendSV_Handler                           0x0000027f   Thumb Code     2  startup.o(RESET)
    ADC0Seq0_Handler                         0x00000283   Thumb Code     0  startup.o(RESET)
    ADC0Seq1_Handler                         0x00000283   Thumb Code     0  startup.o(RESET)
    ADC0Seq2_Handler                         0x00000283   Thumb Code     0  startup.o(RESET)
    ADC0Seq3_Handler                         0x00000283   Thumb Code     0  startup.o(RESET)
    ADC1Seq0_Handler                         0x00000283   Thumb Code     0  startup.o(RESET)
    ADC1Seq1_Handler                         0x00000283   Thumb Code     0  startup.o(RESET)
    ADC1Seq2_Handler                         0x00000283   Thumb Code     0  startup.o(RESET)
    ADC1Seq3_Handler                         0x00000283   Thumb Code     0  startup.o(RESET)
    CAN0_Handler                             0x00000283   Thumb Code     0  startup.o(RESET)
    CAN1_Handler                             0x00000283   Thumb Code     0  startup.o(RESET)
    CAN2_Handler                             0x00000283   Thumb Code     0  startup.o(RESET)
    Comp0_Handler                            0x00000283   Thumb Code     0  startup.o(RESET)
    Comp1_Handler                            0x00000283   Thumb Code     0  startup.o(RESET)
    Comp2_Handler                            0x00000283   Thumb Code     0  startup.o(RESET)
    Ethernet_Handler                         0x00000283   Thumb Code     0  startup.o(RESET)
    ExtBus_Handler                           0x00000283   Thumb Code     0  startup.o(RESET)
    FPU_Handler                              0x00000283   Thumb Code     0  startup.o(RESET)
    Fan0_Handler                             0x00000283   Thumb Code     0  startup.o(RESET)
    FlashCtl_Handler                         0x00000283   Thumb Code     0  startup.o(RESET)
    GPIOPortA_Handler                        0x00000283   Thumb Code     0  startup.o(RESET)
    GPIOPortB_Handler                        0x00000283   Thumb Code     0  startup.o(RESET)
    GPIOPortC_Handler                        0x00000283   Thumb Code     0  startup.o(RESET)
    GPIOPortD_Handler                        0x00000283   Thumb Code     0  startup.o(RESET)
    GPIOPortE_Handler                        0x00000283   Thumb Code     0  startup.o(RESET)
    GPIOPortF_Handler                        0x00000283   Thumb Code     0  startup.o(RESET)
    GPIOPortG_Handler                        0x00000283   Thumb Code     0  startup.o(RESET)
    GPIOPortH_Handler                        0x00000283   Thumb Code     0  startup.o(RESET)
    GPIOPortJ_Handler                        0x00000283   Thumb Code     0  startup.o(RESET)
    GPIOPortK_Handler                        0x00000283   Thumb Code     0  startup.o(RESET)
    GPIOPortL_Handler                        0x00000283   Thumb Code     0  startup.o(RESET)
    GPIOPortM_Handler                        0x00000283   Thumb Code     0  startup.o(RESET)
    GPIOPortN_Handler                        0x00000283   Thumb Code     0  startup.o(RESET)
    GPIOPortP1_Handler                       0x00000283   Thumb Code     0  startup.o(RESET)
    GPIOPortP2_Handler                       0x00000283   Thumb Code     0  startup.o(RESET)
    GPIOPortP3_Handler                       0x00000283   Thumb Code     0  startup.o(RESET)
    GPIOPortP4_Handler                       0x00000283   Thumb Code     0  startup.o(RESET)
    GPIOPortP5_Handler                       0x00000283   Thumb Code     0  startup.o(RESET)
    GPIOPortP6_Handler                       0x00000283   Thumb Code     0  startup.o(RESET)
    GPIOPortP7_Handler                       0x00000283   Thumb Code     0  startup.o(RESET)
    GPIOPortP_Handler                        0x00000283   Thumb Code     0  startup.o(RESET)
    GPIOPortQ1_Handler                       0x00000283   Thumb Code     0  startup.o(RESET)
    GPIOPortQ2_Handler                       0x00000283   Thumb Code     0  startup.o(RESET)
    GPIOPortQ3_Handler                       0x00000283   Thumb Code     0  startup.o(RESET)
    GPIOPortQ4_Handler                       0x00000283   Thumb Code     0  startup.o(RESET)
    GPIOPortQ5_Handler                       0x00000283   Thumb Code     0  startup.o(RESET)
    GPIOPortQ6_Handler                       0x00000283   Thumb Code     0  startup.o(RESET)
    GPIOPortQ7_Handler                       0x00000283   Thumb Code     0  startup.o(RESET)
    GPIOPortQ_Handler                        0x00000283   Thumb Code     0  startup.o(RESET)
    GPIOPortR_Handler                        0x00000283   Thumb Code     0  startup.o(RESET)
    GPIOPortS_Handler                        0x00000283   Thumb Code     0  startup.o(RESET)
    Hibernate_Handler                        0x00000283   Thumb Code     0  startup.o(RESET)
    I2C0_Handler                             0x00000283   Thumb Code     0  startup.o(RESET)
    I2C1_Handler                             0x00000283   Thumb Code     0  startup.o(RESET)
    I2C2_Handler                             0x00000283   Thumb Code     0  startup.o(RESET)
    I2C3_Handler                             0x00000283   Thumb Code     0  startup.o(RESET)
    I2C4_Handler                             0x00000283   Thumb Code     0  startup.o(RESET)
    I2C5_Handler                             0x00000283   Thumb Code     0  startup.o(RESET)
    I2S0_Handler                             0x00000283   Thumb Code     0  startup.o(RESET)
    LPC0_Handler                             0x00000283   Thumb Code     0  startup.o(RESET)
    PECI0_Handler                            0x00000283   Thumb Code     0  startup.o(RESET)
    PWM0Fault_Handler                        0x00000283   Thumb Code     0  startup.o(RESET)
    PWM0Generator0_Handler                   0x00000283   Thumb Code     0  startup.o(RESET)
    PWM0Generator1_Handler                   0x00000283   Thumb Code     0  startup.o(RESET)
    PWM0Generator2_Handler                   0x00000283   Thumb Code     0  startup.o(RESET)
    PWM0Generator3_Handler                   0x00000283   Thumb Code     0  startup.o(RESET)
    PWM1Fault_Handler                        0x00000283   Thumb Code     0  startup.o(RESET)
    PWM1Generator0_Handler                   0x00000283   Thumb Code     0  startup.o(RESET)
    PWM1Generator1_Handler                   0x00000283   Thumb Code     0  startup.o(RESET)
    PWM1Generator2_Handler                   0x00000283   Thumb Code     0  startup.o(RESET)
    PWM1Generator3_Handler                   0x00000283   Thumb Code     0  startup.o(RESET)
    Quadrature0_Handler                      0x00000283   Thumb Code     0  startup.o(RESET)
    Quadrature1_Handler                      0x00000283   Thumb Code     0  startup.o(RESET)
    Quadrature2_Handler                      0x00000283   Thumb Code     0  startup.o(RESET)
    SSI0_Handler                             0x00000283   Thumb Code     0  startup.o(RESET)
    SSI1_Handler                             0x00000283   Thumb Code     0  startup.o(RESET)
    SSI2_Handler                             0x00000283   Thumb Code     0  startup.o(RESET)
    SSI3_Handler                             0x00000283   Thumb Code     0  startup.o(RESET)
    SysCtl_Handler                           0x00000283   Thumb Code     0  startup.o(RESET)
    Timer0A_Handler                          0x00000283   Thumb Code     0  startup.o(RESET)
    Timer0B_Handler                          0x00000283   Thumb Code     0  startup.o(RESET)
    Timer1A_Handler                          0x00000283   Thumb Code     0  startup.o(RESET)
    Timer1B_Handler                          0x00000283   Thumb Code     0  startup.o(RESET)
    Timer2A_Handler                          0x00000283   Thumb Code     0  startup.o(RESET)
    Timer2B_Handler                          0x00000283   Thumb Code     0  startup.o(RESET)
    Timer3A_Handler                          0x00000283   Thumb Code     0  startup.o(RESET)
    Timer3B_Handler                          0x00000283   Thumb Code     0  startup.o(RESET)
    Timer4B_Handler                          0x00000283   Thumb Code     0  startup.o(RESET)
    Timer5B_Handler                          0x00000283   Thumb Code     0  startup.o(RESET)
    UART0_Handler                            0x00000283   Thumb Code     0  startup.o(RESET)
    UART2_Handler                            0x00000283   Thumb Code     0  startup.o(RESET)
    UART3_Handler                            0x00000283   Thumb Code     0  startup.o(RESET)
    UART4_Handler                            0x00000283   Thumb Code     0  startup.o(RESET)
    UART5_Handler                            0x00000283   Thumb Code     0  startup.o(RESET)
    UART6_Handler                            0x00000283   Thumb Code     0  startup.o(RESET)
    UART7_Handler                            0x00000283   Thumb Code     0  startup.o(RESET)
    USB0_Handler                             0x00000283   Thumb Code     0  startup.o(RESET)
    WDT_Handler                              0x00000283   Thumb Code     0  startup.o(RESET)
    WideTimer0A_Handler                      0x00000283   Thumb Code     0  startup.o(RESET)
    WideTimer0B_Handler                      0x00000283   Thumb Code     0  startup.o(RESET)
    WideTimer1A_Handler                      0x00000283   Thumb Code     0  startup.o(RESET)
    WideTimer1B_Handler                      0x00000283   Thumb Code     0  startup.o(RESET)
    WideTimer2A_Handler                      0x00000283   Thumb Code     0  startup.o(RESET)
    WideTimer2B_Handler                      0x00000283   Thumb Code     0  startup.o(RESET)
    WideTimer3A_Handler                      0x00000283   Thumb Code     0  startup.o(RESET)
    WideTimer3B_Handler                      0x00000283   Thumb Code     0  startup.o(RESET)
    WideTimer4A_Handler                      0x00000283   Thumb Code     0  startup.o(RESET)
    WideTimer4B_Handler                      0x00000283   Thumb Code     0  startup.o(RESET)
    WideTimer5A_Handler                      0x00000283   Thumb Code     0  startup.o(RESET)
    WideTimer5B_Handler                      0x00000283   Thumb Code     0  startup.o(RESET)
    uDMA_Error                               0x00000283   Thumb Code     0  startup.o(RESET)
    uDMA_Handler                             0x00000283   Thumb Code     0  startup.o(RESET)
    __main                                   0x00000285   Thumb Code     8  __main.o(!!!main)
    __scatterload                            0x0000028d   Thumb Code     0  __scatter.o(!!!scatter)
    __scatterload_rt2                        0x0000028d   Thumb Code    44  __scatter.o(!!!scatter)
    __scatterload_rt2_thumb_only             0x0000028d   Thumb Code     0  __scatter.o(!!!scatter)
    __scatterload_null                       0x0000029b   Thumb Code     0  __scatter.o(!!!scatter)
    __scatterload_copy                       0x000002c1   Thumb Code    26  __scatter_copy.o(!!handler_copy)
    __scatterload_zeroinit                   0x000002dd   Thumb Code    28  __scatter_zi.o(!!handler_zi)
    __rt_lib_init                            0x000002f9   Thumb Code     0  libinit.o(.ARM.Collect$$libinit$$00000000)
    __rt_lib_init_alloca_1                   0x000002fb   Thumb Code     0  libinit2.o(.ARM.Collect$$libinit$$0000002C)
    __rt_lib_init_argv_1                     0x000002fb   Thumb Code     0  libinit2.o(.ARM.Collect$$libinit$$0000002A)
    __rt_lib_init_atexit_1                   0x000002fb   Thumb Code     0  libinit2.o(.ARM.Collect$$libinit$$00000019)
    __rt_lib_init_clock_1                    0x000002fb   Thumb Code     0  libinit2.o(.ARM.Collect$$libinit$$0000001F)
    __rt_lib_init_cpp_1                      0x000002fb   Thumb Code     0  libinit2.o(.ARM.Collect$$libinit$$00000030)
    __rt_lib_init_exceptions_1               0x000002fb   Thumb Code     0  libinit2.o(.ARM.Collect$$libinit$$0000002E)
    __rt_lib_init_fp_1                       0x000002fb   Thumb Code     0  libinit2.o(.ARM.Collect$$libinit$$00000002)
    __rt_lib_init_fp_trap_1                  0x000002fb   Thumb Code     0  libinit2.o(.ARM.Collect$$libinit$$0000001D)
    __rt_lib_init_getenv_1                   0x000002fb   Thumb Code     0  libinit2.o(.ARM.Collect$$libinit$$00000021)
    __rt_lib_init_heap_1                     0x000002fb   Thumb Code     0  libinit2.o(.ARM.Collect$$libinit$$00000008)
    __rt_lib_init_lc_collate_1               0x000002fb   Thumb Code     0  libinit2.o(.ARM.Collect$$libinit$$0000000F)
    __rt_lib_init_lc_ctype_1                 0x000002fb   Thumb Code     0  libinit2.o(.ARM.Collect$$libinit$$00000011)
    __rt_lib_init_lc_monetary_1              0x000002fb   Thumb Code     0  libinit2.o(.ARM.Collect$$libinit$$00000013)
    __rt_lib_init_lc_numeric_1               0x000002fb   Thumb Code     0  libinit2.o(.ARM.Collect$$libinit$$00000015)
    __rt_lib_init_lc_time_1                  0x000002fb   Thumb Code     0  libinit2.o(.ARM.Collect$$libinit$$00000017)
    __rt_lib_init_rand_1                     0x000002fb   Thumb Code     0  libinit2.o(.ARM.Collect$$libinit$$0000000C)
    __rt_lib_init_return                     0x000002fb   Thumb Code     0  libinit2.o(.ARM.Collect$$libinit$$00000031)
    __rt_lib_init_signal_1                   0x000002fb   Thumb Code     0  libinit2.o(.ARM.Collect$$libinit$$0000001B)
    __rt_lib_init_stdio_1                    0x000002fb   Thumb Code     0  libinit2.o(.ARM.Collect$$libinit$$00000023)
    __rt_lib_init_user_alloc_1               0x000002fb   Thumb Code     0  libinit2.o(.ARM.Collect$$libinit$$0000000A)
    __rt_lib_shutdown                        0x000002fd   Thumb Code     0  libshutdown.o(.ARM.Collect$$libshutdown$$00000000)
    __rt_lib_shutdown_fp_trap_1              0x000002ff   Thumb Code     0  libshutdown2.o(.ARM.Collect$$libshutdown$$00000006)
    __rt_lib_shutdown_heap_1                 0x000002ff   Thumb Code     0  libshutdown2.o(.ARM.Collect$$libshutdown$$0000000E)
    __rt_lib_shutdown_return                 0x000002ff   Thumb Code     0  libshutdown2.o(.ARM.Collect$$libshutdown$$0000000F)
    __rt_lib_shutdown_signal_1               0x000002ff   Thumb Code     0  libshutdown2.o(.ARM.Collect$$libshutdown$$00000009)
    __rt_lib_shutdown_stdio_1                0x000002ff   Thumb Code     0  libshutdown2.o(.ARM.Collect$$libshutdown$$00000003)
    __rt_lib_shutdown_user_alloc_1           0x000002ff   Thumb Code     0  libshutdown2.o(.ARM.Collect$$libshutdown$$0000000B)
    __rt_entry                               0x00000301   Thumb Code     0  rtentry.o(.ARM.Collect$$rtentry$$00000000)
    __rt_entry_presh_1                       0x00000301   Thumb Code     0  rtentry2.o(.ARM.Collect$$rtentry$$00000002)
    __rt_entry_sh                            0x00000301   Thumb Code     0  rtentry4.o(.ARM.Collect$$rtentry$$00000004)
    __rt_entry_li                            0x00000307   Thumb Code     0  rtentry2.o(.ARM.Collect$$rtentry$$0000000A)
    __rt_entry_postsh_1                      0x00000307   Thumb Code     0  rtentry2.o(.ARM.Collect$$rtentry$$00000009)
    __rt_entry_main                          0x0000030b   Thumb Code     0  rtentry2.o(.ARM.Collect$$rtentry$$0000000D)
    __rt_entry_postli_1                      0x0000030b   Thumb Code     0  rtentry2.o(.ARM.Collect$$rtentry$$0000000C)
    __rt_exit                                0x00000313   Thumb Code     0  rtexit.o(.ARM.Collect$$rtexit$$00000000)
    __rt_exit_ls                             0x00000315   Thumb Code     0  rtexit2.o(.ARM.Collect$$rtexit$$00000003)
    __rt_exit_prels_1                        0x00000315   Thumb Code     0  rtexit2.o(.ARM.Collect$$rtexit$$00000002)
    __rt_exit_exit                           0x00000319   Thumb Code     0  rtexit2.o(.ARM.Collect$$rtexit$$00000004)
    DisableInterrupts                        0x00000321   Thumb Code     0  startup.o(.text)
    EnableInterrupts                         0x00000325   Thumb Code     0  startup.o(.text)
    StartCritical                            0x00000329   Thumb Code     0  startup.o(.text)
    EndCritical                              0x00000331   Thumb Code     0  startup.o(.text)
    WaitForInterrupt                         0x00000337   Thumb Code     0  startup.o(.text)
    __user_initial_stackheap                 0x0000033b   Thumb Code     0  startup.o(.text)
    writecommand                             0x00000351   Thumb Code     0  lcd.o(.text)
    writedata                                0x00000377   Thumb Code     0  lcd.o(.text)
    LCD_OutDec                               0x0000039d   Thumb Code     0  print.o(.text)
    LCD_OutFix                               0x000003eb   Thumb Code     0  print.o(.text)
    ADC1_Init                                0x00000459   Thumb Code   170  texas.o(.text)
    SetCode                                  0x00000503   Thumb Code    20  texas.o(.text)
    UART0_Init                               0x00000517   Thumb Code   162  texas.o(.text)
    SetCourse                                0x000005b9   Thumb Code    22  texas.o(.text)
    PLL_Init                                 0x000005cf   Thumb Code   118  texas.o(.text)
    TExaS_Init                               0x00000645   Thumb Code   282  texas.o(.text)
    StopTimer4                               0x0000075f   Thumb Code    16  texas.o(.text)
    StartTimer4                              0x0000076f   Thumb Code    24  texas.o(.text)
    Timer4A_Handler                          0x00000787   Thumb Code    20  texas.o(.text)
    ADC1_In                                  0x0000079b   Thumb Code     6  texas.o(.text)
    Timer5A_Handler                          0x000007a1   Thumb Code    34  texas.o(.text)
    TExaS_Stop                               0x000007c3   Thumb Code    18  texas.o(.text)
    copy                                     0x000007d5   Thumb Code    16  texas.o(.text)
    SetMode                                  0x000007e5   Thumb Code    22  texas.o(.text)
    UART0_InChar                             0x000007fb   Thumb Code    20  texas.o(.text)
    UART0_InCharNonBlocking                  0x0000080f   Thumb Code    22  texas.o(.text)
    UART0_OutChar                            0x00000825   Thumb Code   200  texas.o(.text)
    UART0_OutCharNonBlock                    0x000008ed   Thumb Code     6  texas.o(.text)
    __use_two_region_memory                  0x000008f9   Thumb Code     2  heapauxi.o(.text)
    __rt_heap_escrow$2region                 0x000008fb   Thumb Code     2  heapauxi.o(.text)
    __rt_heap_expand$2region                 0x000008fd   Thumb Code     2  heapauxi.o(.text)
    __user_setup_stackheap                   0x000008ff   Thumb Code    74  sys_stackheap_outer.o(.text)
    exit                                     0x00000949   Thumb Code    12  exit.o(.text)
    __user_libspace                          0x00000955   Thumb Code     8  libspace.o(.text)
    __user_perproc_libspace                  0x00000955   Thumb Code     0  libspace.o(.text)
    __user_perthread_libspace                0x00000955   Thumb Code     0  libspace.o(.text)
    _sys_exit                                0x0000095d   Thumb Code     8  sys_exit.o(.text)
    __I$use$semihosting                      0x00000969   Thumb Code     0  use_no_semi.o(.text)
    __use_no_semihosting_swi                 0x00000969   Thumb Code     2  use_no_semi.o(.text)
    __semihosting_library_function           0x0000096b   Thumb Code     0  indicate_semi.o(.text)
    ADC_In                                   0x0000096d   Thumb Code    36  adc.o(i.ADC_In)
    ADC_In2                                  0x00000999   Thumb Code    36  adc.o(i.ADC_In2)
    ADC_Init                                 0x000009c5   Thumb Code   472  adc.o(i.ADC_Init)
    CleanUp                                  0x00000bc5   Thumb Code   352  lab9.o(i.CleanUp)
    Convert                                  0x00000d39   Thumb Code    20  lab9.o(i.Convert)
    Delay1ms                                 0x00000d4d   Thumb Code    32  st7735.o(i.Delay1ms)
    Display                                  0x00000d6d   Thumb Code   274  lab9.o(i.Display)
    DrawHim                                  0x00000ead   Thumb Code   462  lab9.o(i.DrawHim)
    DrawMe                                   0x000010bd   Thumb Code   466  lab9.o(i.DrawMe)
    GameOver                                 0x000012cd   Thumb Code    76  lab9.o(i.GameOver)
    Initialize_Game                          0x00001355   Thumb Code   186  lab9.o(i.Initialize_Game)
    Measure                                  0x00001471   Thumb Code   324  lab9.o(i.Measure)
    Modify                                   0x000015d9   Thumb Code   336  lab9.o(i.Modify)
    MoveToRAM                                0x00001765   Thumb Code   580  st7735.o(i.MoveToRAM)
    PlayGame                                 0x000019f9   Thumb Code   140  lab9.o(i.PlayGame)
    PortB_Init                               0x00001aa5   Thumb Code    44  lab9.o(i.PortB_Init)
    PortF_Init                               0x00001add   Thumb Code    90  lab9.o(i.PortF_Init)
    ST7735_DrawBitmap                        0x00001b49   Thumb Code   280  st7735.o(i.ST7735_DrawBitmap)
    ST7735_DrawCharS                         0x00001c69   Thumb Code   232  st7735.o(i.ST7735_DrawCharS)
    ST7735_DrawPixel                         0x00001d5d   Thumb Code    64  st7735.o(i.ST7735_DrawPixel)
    ST7735_DrawString                        0x00001da5   Thumb Code    84  st7735.o(i.ST7735_DrawString)
    ST7735_FillRect                          0x00001df9   Thumb Code   164  st7735.o(i.ST7735_FillRect)
    ST7735_FillScreen                        0x00001ea5   Thumb Code    28  st7735.o(i.ST7735_FillScreen)
    ST7735_InitR                             0x00001ec9   Thumb Code    90  st7735.o(i.ST7735_InitR)
    ST7735_OutChar                           0x00001f45   Thumb Code   176  st7735.o(i.ST7735_OutChar)
    ST7735_OutString                         0x00002019   Thumb Code    22  st7735.o(i.ST7735_OutString)
    ST7735_SetCursor                         0x00002031   Thumb Code    22  st7735.o(i.ST7735_SetCursor)
    ST7735_SetRotation                       0x00002051   Thumb Code   196  st7735.o(i.ST7735_SetRotation)
    ShowStatus                               0x00002125   Thumb Code   146  lab9.o(i.ShowStatus)
    StartNewRound                            0x00002241   Thumb Code   136  lab9.o(i.StartNewRound)
    SysTick_Handler                          0x000022e9   Thumb Code     8  lab9.o(i.SysTick_Handler)
    SysTick_Init                             0x000022f5   Thumb Code    50  lab9.o(i.SysTick_Init)
    Transmit                                 0x00002331   Thumb Code   122  lab9.o(i.Transmit)
    UART1_Handler                            0x000023d9   Thumb Code   360  lab9.o(i.UART1_Handler)
    UART_InChar                              0x00002585   Thumb Code    20  uart.o(i.UART_InChar)
    UART_Init                                0x0000259d   Thumb Code   176  uart.o(i.UART_Init)
    UART_OutChar                             0x00002665   Thumb Code    18  uart.o(i.UART_OutChar)
    main                                     0x00002859   Thumb Code    46  lab9.o(i.main)
    fun6                                     0x00002e08   Data        1344  st7735.o(.constdata)
    fun5                                     0x00003348   Data        1344  st7735.o(.constdata)
    fun4                                     0x00003888   Data        1392  st7735.o(.constdata)
    fun3                                     0x00003df8   Data          54  st7735.o(.constdata)
    fun2                                     0x00003e2e   Data        1392  st7735.o(.constdata)
    fun                                      0x0000439e   Data        1392  st7735.o(.constdata)
    dBfs                                     0x000049f5   Data         512  st7735.o(.constdata)
    InputPortMsg                             0x00004bf5   Data          40  texas.o(.constdata)
    OutputPortMsg                            0x00004c1d   Data          40  texas.o(.constdata)
    BlankMsg                                 0x00004c45   Data          40  texas.o(.constdata)
    InitializedMsg                           0x00004c6d   Data          40  texas.o(.constdata)
    IntroMsg                                 0x00004c95   Data          40  texas.o(.constdata)
    DoneMsg                                  0x00004cbd   Data          40  texas.o(.constdata)
    Region$$Table$$Base                      0x00004ce8   Number         0  anon$$obj.o(Region$$Table)
    Region$$Table$$Limit                     0x00004d08   Number         0  anon$$obj.o(Region$$Table)
    StX                                      0x20000000   Data           4  st7735.o(.data)
    StY                                      0x20000004   Data           4  st7735.o(.data)
    StTextColor                              0x20000008   Data           2  st7735.o(.data)
    lastj                                    0x20000010   Data           4  st7735.o(.data)
    Messageindex                             0x20000018   Data           4  st7735.o(.data)
    Ymax                                     0x2000001c   Data           4  st7735.o(.data)
    Ymin                                     0x20000020   Data           4  st7735.o(.data)
    X                                        0x20000024   Data           4  st7735.o(.data)
    Yrange                                   0x20000028   Data           4  st7735.o(.data)
    jumparr                                  0x2000002c   Data          17  lab9.o(.data)
    lungearr                                 0x2000003d   Data           7  lab9.o(.data)
    control                                  0x20000044   Data           1  lab9.o(.data)
    measured                                 0x20000045   Data           1  lab9.o(.data)
    clearfreq                                0x20000046   Data           1  lab9.o(.data)
    displayed                                0x20000047   Data           1  lab9.o(.data)
    position100                              0x20000048   Data           4  lab9.o(.data)
    position                                 0x2000004c   Data           2  lab9.o(.data)
    elevation                                0x2000004e   Data           2  lab9.o(.data)
    reach                                    0x20000050   Data           2  lab9.o(.data)
    jump                                     0x20000052   Data           3  lab9.o(.data)
    alternate                                0x20000055   Data           2  lab9.o(.data)
    modified                                 0x20000057   Data           1  lab9.o(.data)
    transmitted                              0x20000058   Data           1  lab9.o(.data)
    received                                 0x20000059   Data           1  lab9.o(.data)
    swordposition                            0x2000005a   Data           4  lab9.o(.data)
    velocity                                 0x20000060   Data           4  lab9.o(.data)
    redvelocity                              0x20000064   Data           2  lab9.o(.data)
    jumpindex                                0x20000066   Data           2  lab9.o(.data)
    lungeindex                               0x20000068   Data           2  lab9.o(.data)
    winner                                   0x2000006a   Data           1  lab9.o(.data)
    dead                                     0x2000006b   Data           2  lab9.o(.data)
    blocked                                  0x2000006d   Data           2  lab9.o(.data)
    deadindex                                0x2000006f   Data           2  lab9.o(.data)
    gameswon                                 0x20000071   Data           2  lab9.o(.data)
    nextgame                                 0x20000073   Data           1  lab9.o(.data)
    over                                     0x20000074   Data           1  lab9.o(.data)
    drawpack                                 0x20000075   Data           2  lab9.o(.data)
    filler                                   0x20000077   Data           1  lab9.o(.data)
    unpackaging                              0x20000078   Data           3  lab9.o(.data)
    TExaS_Period                             0x2000007c   Data           4  texas.o(.data)
    TExaS_Ports                              0x20000080   Data           8  texas.o(.data)
    TExaS_Meter                              0x20000088   Data           4  texas.o(.data)
    ADCnum                                   0x2000008c   Data           4  texas.o(.data)
    LastMode                                 0x20000090   Data           4  texas.o(.data)
    bFlag                                    0x20000094   Data           4  texas.o(.data)
    Count                                    0x20000098   Data           4  texas.o(.data)
    DelayBetweenTests                        0x2000009c   Data           4  texas.o(.data)
    TExaS_Test                               0x200000a0   Data           4  texas.o(.data)
    ScopeMode                                0x200000a4   Data           4  texas.o(.data)
    ScopeCount                               0x200000a8   Data           4  texas.o(.data)
    RestYellow                               0x200000ac   Data        1392  st7735.o(.bss)
    RestYellow2                              0x2000061c   Data        1392  st7735.o(.bss)
    RestBlue                                 0x20000b8c   Data        1392  st7735.o(.bss)
    RestBlue2                                0x200010fc   Data        1392  st7735.o(.bss)
    Sword                                    0x2000166c   Data          54  st7735.o(.bss)
    SwordDown                                0x200016a2   Data          54  st7735.o(.bss)
    HisSword                                 0x200016d8   Data          54  st7735.o(.bss)
    HisSwordDown                             0x2000170e   Data          54  st7735.o(.bss)
    PullUp                                   0x20001744   Data        1392  st7735.o(.bss)
    HePullUp                                 0x20001cb4   Data        1392  st7735.o(.bss)
    Lunge                                    0x20002224   Data        1392  st7735.o(.bss)
    LungeLow                                 0x20002794   Data        1392  st7735.o(.bss)
    HeLunge                                  0x20002d04   Data        1392  st7735.o(.bss)
    HeLungeLow                               0x20003274   Data        1392  st7735.o(.bss)
    Message                                  0x200037e4   Data          12  st7735.o(.bss)
    TExaS                                    0x200037f0   Data          56  texas.o(.bss)
    __libspace_start                         0x20003828   Data          96  libspace.o(.bss)
    __temporary_stack_top$libspace           0x20003888   Data           0  libspace.o(.bss)



==============================================================================

Memory Map of the image

  Image Entry point : 0x0000026d

  Load Region LR_1 (Base: 0x00000000, Size: 0x00004db4, Max: 0xffffffff, ABSOLUTE)

    Execution Region ER_RO (Base: 0x00000000, Size: 0x00004d08, Max: 0xffffffff, ABSOLUTE)

    Base Addr    Size         Type   Attr      Idx    E Section Name        Object

    0x00000000   0x00000284   Code   RO            3  * RESET               startup.o
    0x00000284   0x00000008   Code   RO          527  * !!!main             c_w.l(__main.o)
    0x0000028c   0x00000034   Code   RO          681    !!!scatter          c_w.l(__scatter.o)
    0x000002c0   0x0000001a   Code   RO          683    !!handler_copy      c_w.l(__scatter_copy.o)
    0x000002da   0x00000002   PAD
    0x000002dc   0x0000001c   Code   RO          685    !!handler_zi        c_w.l(__scatter_zi.o)
    0x000002f8   0x00000002   Code   RO          554    .ARM.Collect$$libinit$$00000000  c_w.l(libinit.o)
    0x000002fa   0x00000000   Code   RO          561    .ARM.Collect$$libinit$$00000002  c_w.l(libinit2.o)
    0x000002fa   0x00000000   Code   RO          564    .ARM.Collect$$libinit$$00000008  c_w.l(libinit2.o)
    0x000002fa   0x00000000   Code   RO          566    .ARM.Collect$$libinit$$0000000A  c_w.l(libinit2.o)
    0x000002fa   0x00000000   Code   RO          568    .ARM.Collect$$libinit$$0000000C  c_w.l(libinit2.o)
    0x000002fa   0x00000000   Code   RO          571    .ARM.Collect$$libinit$$0000000F  c_w.l(libinit2.o)
    0x000002fa   0x00000000   Code   RO          573    .ARM.Collect$$libinit$$00000011  c_w.l(libinit2.o)
    0x000002fa   0x00000000   Code   RO          575    .ARM.Collect$$libinit$$00000013  c_w.l(libinit2.o)
    0x000002fa   0x00000000   Code   RO          577    .ARM.Collect$$libinit$$00000015  c_w.l(libinit2.o)
    0x000002fa   0x00000000   Code   RO          579    .ARM.Collect$$libinit$$00000017  c_w.l(libinit2.o)
    0x000002fa   0x00000000   Code   RO          581    .ARM.Collect$$libinit$$00000019  c_w.l(libinit2.o)
    0x000002fa   0x00000000   Code   RO          583    .ARM.Collect$$libinit$$0000001B  c_w.l(libinit2.o)
    0x000002fa   0x00000000   Code   RO          585    .ARM.Collect$$libinit$$0000001D  c_w.l(libinit2.o)
    0x000002fa   0x00000000   Code   RO          587    .ARM.Collect$$libinit$$0000001F  c_w.l(libinit2.o)
    0x000002fa   0x00000000   Code   RO          589    .ARM.Collect$$libinit$$00000021  c_w.l(libinit2.o)
    0x000002fa   0x00000000   Code   RO          591    .ARM.Collect$$libinit$$00000023  c_w.l(libinit2.o)
    0x000002fa   0x00000000   Code   RO          595    .ARM.Collect$$libinit$$0000002A  c_w.l(libinit2.o)
    0x000002fa   0x00000000   Code   RO          597    .ARM.Collect$$libinit$$0000002C  c_w.l(libinit2.o)
    0x000002fa   0x00000000   Code   RO          599    .ARM.Collect$$libinit$$0000002E  c_w.l(libinit2.o)
    0x000002fa   0x00000000   Code   RO          601    .ARM.Collect$$libinit$$00000030  c_w.l(libinit2.o)
    0x000002fa   0x00000002   Code   RO          602    .ARM.Collect$$libinit$$00000031  c_w.l(libinit2.o)
    0x000002fc   0x00000002   Code   RO          622    .ARM.Collect$$libshutdown$$00000000  c_w.l(libshutdown.o)
    0x000002fe   0x00000000   Code   RO          636    .ARM.Collect$$libshutdown$$00000003  c_w.l(libshutdown2.o)
    0x000002fe   0x00000000   Code   RO          639    .ARM.Collect$$libshutdown$$00000006  c_w.l(libshutdown2.o)
    0x000002fe   0x00000000   Code   RO          642    .ARM.Collect$$libshutdown$$00000009  c_w.l(libshutdown2.o)
    0x000002fe   0x00000000   Code   RO          644    .ARM.Collect$$libshutdown$$0000000B  c_w.l(libshutdown2.o)
    0x000002fe   0x00000000   Code   RO          647    .ARM.Collect$$libshutdown$$0000000E  c_w.l(libshutdown2.o)
    0x000002fe   0x00000002   Code   RO          648    .ARM.Collect$$libshutdown$$0000000F  c_w.l(libshutdown2.o)
    0x00000300   0x00000000   Code   RO          529    .ARM.Collect$$rtentry$$00000000  c_w.l(rtentry.o)
    0x00000300   0x00000000   Code   RO          531    .ARM.Collect$$rtentry$$00000002  c_w.l(rtentry2.o)
    0x00000300   0x00000006   Code   RO          543    .ARM.Collect$$rtentry$$00000004  c_w.l(rtentry4.o)
    0x00000306   0x00000000   Code   RO          533    .ARM.Collect$$rtentry$$00000009  c_w.l(rtentry2.o)
    0x00000306   0x00000004   Code   RO          534    .ARM.Collect$$rtentry$$0000000A  c_w.l(rtentry2.o)
    0x0000030a   0x00000000   Code   RO          536    .ARM.Collect$$rtentry$$0000000C  c_w.l(rtentry2.o)
    0x0000030a   0x00000008   Code   RO          537    .ARM.Collect$$rtentry$$0000000D  c_w.l(rtentry2.o)
    0x00000312   0x00000002   Code   RO          558    .ARM.Collect$$rtexit$$00000000  c_w.l(rtexit.o)
    0x00000314   0x00000000   Code   RO          604    .ARM.Collect$$rtexit$$00000002  c_w.l(rtexit2.o)
    0x00000314   0x00000004   Code   RO          605    .ARM.Collect$$rtexit$$00000003  c_w.l(rtexit2.o)
    0x00000318   0x00000006   Code   RO          606    .ARM.Collect$$rtexit$$00000004  c_w.l(rtexit2.o)
    0x0000031e   0x00000002   PAD
    0x00000320   0x00000030   Code   RO            4    .text               startup.o
    0x00000350   0x0000004c   Code   RO           12    .text               lcd.o
    0x0000039c   0x000000bc   Code   RO           15    .text               print.o
    0x00000458   0x000004a0   Code   RO          506    .text               texas.o
    0x000008f8   0x00000006   Code   RO          525    .text               c_w.l(heapauxi.o)
    0x000008fe   0x0000004a   Code   RO          545    .text               c_w.l(sys_stackheap_outer.o)
    0x00000948   0x0000000c   Code   RO          547    .text               c_w.l(exit.o)
    0x00000954   0x00000008   Code   RO          555    .text               c_w.l(libspace.o)
    0x0000095c   0x0000000c   Code   RO          614    .text               c_w.l(sys_exit.o)
    0x00000968   0x00000002   Code   RO          625    .text               c_w.l(use_no_semi.o)
    0x0000096a   0x00000000   Code   RO          627    .text               c_w.l(indicate_semi.o)
    0x0000096a   0x00000002   PAD
    0x0000096c   0x0000002c   Code   RO           18    i.ADC_In            adc.o
    0x00000998   0x0000002c   Code   RO           19    i.ADC_In2           adc.o
    0x000009c4   0x00000200   Code   RO           20    i.ADC_Init          adc.o
    0x00000bc4   0x00000174   Code   RO          354    i.CleanUp           lab9.o
    0x00000d38   0x00000014   Code   RO          355    i.Convert           lab9.o
    0x00000d4c   0x00000020   Code   RO           49    i.Delay1ms          st7735.o
    0x00000d6c   0x00000140   Code   RO          356    i.Display           lab9.o
    0x00000eac   0x00000210   Code   RO          357    i.DrawHim           lab9.o
    0x000010bc   0x00000210   Code   RO          358    i.DrawMe            lab9.o
    0x000012cc   0x00000088   Code   RO          359    i.GameOver          lab9.o
    0x00001354   0x0000011c   Code   RO          360    i.Initialize_Game   lab9.o
    0x00001470   0x00000168   Code   RO          361    i.Measure           lab9.o
    0x000015d8   0x0000018c   Code   RO          362    i.Modify            lab9.o
    0x00001764   0x00000294   Code   RO           50    i.MoveToRAM         st7735.o
    0x000019f8   0x000000ac   Code   RO          363    i.PlayGame          lab9.o
    0x00001aa4   0x00000038   Code   RO          364    i.PortB_Init        lab9.o
    0x00001adc   0x0000006c   Code   RO          365    i.PortF_Init        lab9.o
    0x00001b48   0x00000120   Code   RO           57    i.ST7735_DrawBitmap  st7735.o
    0x00001c68   0x000000f4   Code   RO           59    i.ST7735_DrawCharS  st7735.o
    0x00001d5c   0x00000048   Code   RO           62    i.ST7735_DrawPixel  st7735.o
    0x00001da4   0x00000054   Code   RO           63    i.ST7735_DrawString  st7735.o
    0x00001df8   0x000000ac   Code   RO           64    i.ST7735_FillRect   st7735.o
    0x00001ea4   0x00000024   Code   RO           65    i.ST7735_FillScreen  st7735.o
    0x00001ec8   0x0000007c   Code   RO           67    i.ST7735_InitR      st7735.o
    0x00001f44   0x000000d4   Code   RO           69    i.ST7735_OutChar    st7735.o
    0x00002018   0x00000016   Code   RO           70    i.ST7735_OutString  st7735.o
    0x0000202e   0x00000002   PAD
    0x00002030   0x00000020   Code   RO           80    i.ST7735_SetCursor  st7735.o
    0x00002050   0x000000d4   Code   RO           81    i.ST7735_SetRotation  st7735.o
    0x00002124   0x0000011c   Code   RO          366    i.ShowStatus        lab9.o
    0x00002240   0x000000a8   Code   RO          367    i.StartNewRound     lab9.o
    0x000022e8   0x0000000c   Code   RO          368    i.SysTick_Handler   lab9.o
    0x000022f4   0x0000003c   Code   RO          369    i.SysTick_Init      lab9.o
    0x00002330   0x000000a8   Code   RO          370    i.Transmit          lab9.o
    0x000023d8   0x000001ac   Code   RO          371    i.UART1_Handler     lab9.o
    0x00002584   0x00000018   Code   RO          321    i.UART_InChar       uart.o
    0x0000259c   0x000000c8   Code   RO          322    i.UART_Init         uart.o
    0x00002664   0x00000018   Code   RO          323    i.UART_OutChar      uart.o
    0x0000267c   0x00000056   Code   RO           84    i.commandList       st7735.o
    0x000026d2   0x00000002   PAD
    0x000026d4   0x00000184   Code   RO           85    i.commonInit        st7735.o
    0x00002858   0x0000002e   Code   RO          372    i.main              lab9.o
    0x00002886   0x00000012   Code   RO           90    i.pushColor         st7735.o
    0x00002898   0x00000074   Code   RO           91    i.setAddrWindow     st7735.o
    0x0000290c   0x000022e9   Data   RO           93    .constdata          st7735.o
    0x00004bf5   0x000000f0   Data   RO          508    .constdata          texas.o
    0x00004ce5   0x00000003   PAD
    0x00004ce8   0x00000020   Data   RO          679    Region$$Table       anon$$obj.o


    Execution Region ER_RW (Base: 0x20000000, Size: 0x000000ac, Max: 0xffffffff, ABSOLUTE)

    Base Addr    Size         Type   Attr      Idx    E Section Name        Object

    0x20000000   0x0000002c   Data   RW           94    .data               st7735.o
    0x2000002c   0x0000004f   Data   RW          373    .data               lab9.o
    0x2000007b   0x00000001   PAD
    0x2000007c   0x00000030   Data   RW          509    .data               texas.o


    Execution Region ER_ZI (Base: 0x200000ac, Size: 0x00003bdc, Max: 0xffffffff, ABSOLUTE)

    Base Addr    Size         Type   Attr      Idx    E Section Name        Object

    0x200000ac   0x00003744   Zero   RW           92    .bss                st7735.o
    0x200037f0   0x00000038   Zero   RW          507    .bss                texas.o
    0x20003828   0x00000060   Zero   RW          556    .bss                c_w.l(libspace.o)
    0x20003888   0x00000000   Zero   RW            2    HEAP                startup.o
    0x20003888   0x00000400   Zero   RW            1    STACK               startup.o


==============================================================================

Image component sizes


      Code (inc. data)   RO Data    RW Data    ZI Data      Debug   Object Name

       600         56          0          0          0       5546   adc.o
      4446        808          0         79          0      10685   lab9.o
        76         12          0          0          0        184   lcd.o
       188         10          0          0          0        216   print.o
      2798        278       8937         44      14148      14154   st7735.o
       692        632          0          0       1024        868   startup.o
      1184        188        240         48         56      14668   texas.o
       248         34          0          0          0       1113   uart.o

    ----------------------------------------------------------------------
     10236       2018       9212        172      15228      47434   Object Totals
         0          0         32          0          0          0   (incl. Generated)
         4          0          3          1          0          0   (incl. Padding)

    ----------------------------------------------------------------------

      Code (inc. data)   RO Data    RW Data    ZI Data      Debug   Library Member Name

         8          0          0          0          0         68   __main.o
        52          8          0          0          0          0   __scatter.o
        26          0          0          0          0          0   __scatter_copy.o
        28          0          0          0          0          0   __scatter_zi.o
        12          0          0          0          0         72   exit.o
         6          0          0          0          0        152   heapauxi.o
         0          0          0          0          0          0   indicate_semi.o
         2          0          0          0          0          0   libinit.o
         2          0          0          0          0          0   libinit2.o
         2          0          0          0          0          0   libshutdown.o
         2          0          0          0          0          0   libshutdown2.o
         8          4          0          0         96         68   libspace.o
         0          0          0          0          0          0   rtentry.o
        12          0          0          0          0          0   rtentry2.o
         6          0          0          0          0          0   rtentry4.o
         2          0          0          0          0          0   rtexit.o
        10          0          0          0          0          0   rtexit2.o
        12          4          0          0          0         68   sys_exit.o
        74          0          0          0          0         80   sys_stackheap_outer.o
         2          0          0          0          0         68   use_no_semi.o

    ----------------------------------------------------------------------
       272         16          0          0         96        576   Library Totals
         6          0          0          0          0          0   (incl. Padding)

    ----------------------------------------------------------------------

      Code (inc. data)   RO Data    RW Data    ZI Data      Debug   Library Name

       266         16          0          0         96        576   c_w.l

    ----------------------------------------------------------------------
       272         16          0          0         96        576   Library Totals

    ----------------------------------------------------------------------

==============================================================================


      Code (inc. data)   RO Data    RW Data    ZI Data      Debug   

     10508       2034       9212        172      15324      45514   Grand Totals
     10508       2034       9212        172      15324      45514   ELF Image Totals
     10508       2034       9212        172          0          0   ROM Totals

==============================================================================

    Total RO  Size (Code + RO Data)                19720 (  19.26kB)
    Total RW  Size (RW Data + ZI Data)             15496 (  15.13kB)
    Total ROM Size (Code + RO Data + RW Data)      19892 (  19.43kB)

==============================================================================

